Listening on port: 8181
connection
Speaker connected
Speaker disconnected
connection
Speaker connected
Speaker disconnected
connection
Speaker connected
Speaker disconnected
connection
Speaker connected
connection
Listener connected
Error:  Error: WebSocket is not open: readyState 2 (CLOSING)
    at sendAfterClose (/www/wwwroot/srs4.duoxing.org/test/node_modules/ws/lib/websocket.js:941:17)
    at WebSocket.send (/www/wwwroot/srs4.duoxing.org/test/node_modules/ws/lib/websocket.js:407:7)
    at WebSocket.<anonymous> (/www/wwwroot/srs4.duoxing.org/test/m.js:30:32)
    at WebSocket.emit (events.js:315:20)
    at Receiver.receiverOnMessage (/www/wwwroot/srs4.duoxing.org/test/node_modules/ws/lib/websocket.js:1022:20)
    at Receiver.emit (events.js:315:20)
    at Receiver.dataMessage (/www/wwwroot/srs4.duoxing.org/test/node_modules/ws/lib/receiver.js:507:14)
    at Receiver.getData (/www/wwwroot/srs4.duoxing.org/test/node_modules/ws/lib/receiver.js:440:17)
    at Receiver.startLoop (/www/wwwroot/srs4.duoxing.org/test/node_modules/ws/lib/receiver.js:148:22)
    at Receiver._write (/www/wwwroot/srs4.duoxing.org/test/node_modules/ws/lib/receiver.js:83:10)
Error:  Error: WebSocket is not open: readyState 2 (CLOSING)
    at sendAfterClose (/www/wwwroot/srs4.duoxing.org/test/node_modules/ws/lib/websocket.js:941:17)
    at WebSocket.send (/www/wwwroot/srs4.duoxing.org/test/node_modules/ws/lib/websocket.js:407:7)
    at WebSocket.<anonymous> (/www/wwwroot/srs4.duoxing.org/test/m.js:30:32)
    at WebSocket.emit (events.js:315:20)
    at Receiver.receiverOnMessage (/www/wwwroot/srs4.duoxing.org/test/node_modules/ws/lib/websocket.js:1022:20)
    at Receiver.emit (events.js:315:20)
    at Receiver.dataMessage (/www/wwwroot/srs4.duoxing.org/test/node_modules/ws/lib/receiver.js:507:14)
    at Receiver.getData (/www/wwwroot/srs4.duoxing.org/test/node_modules/ws/lib/receiver.js:440:17)
    at Receiver.startLoop (/www/wwwroot/srs4.duoxing.org/test/node_modules/ws/lib/receiver.js:148:22)
    at Receiver._write (/www/wwwroot/srs4.duoxing.org/test/node_modules/ws/lib/receiver.js:83:10)
Listener disconnected
Speaker disconnected
Listening on port: 8181
connection
Speaker connected
connection
Listener connected
Listener disconnected
Speaker disconnected
connection
Speaker connected
connection
Listener connected
Listener disconnected
Speaker disconnected
connection
Speaker connected
connection
Listener connected
Listener disconnected
Speaker disconnected
connection
Speaker connected
connection
Listener connected
Listener disconnected
Speaker disconnected
connection
Speaker connected
connection
Listener connected
Speaker disconnected
Listener disconnected
connection
Speaker connected
connection
Listener connected
Listener disconnected
Speaker disconnected
connection
Speaker connected
connection
Listener connected
connection
Listener connected
Listener disconnected
connection
Listener connected
Listener disconnected
connection
Listener connected
Listener disconnected
Speaker disconnected
Listener disconnected
connection
Speaker connected
connection
Listener connected
Listener disconnected
Speaker disconnected
Listening on port: 8181
connection
Speaker connected
connection
Listener connected
Listener disconnected
Speaker disconnected
connection
Speaker connected
connection
Listener connected
Listener disconnected
Speaker disconnected
connection
Speaker connected
connection
Listener connected
Listener disconnected
Speaker disconnected
connection
Speaker connected
Speaker disconnected
connection
Speaker connected
Speaker disconnected
connection
Speaker connected
connection
Listener connected
Speaker disconnected
Listener disconnected
connection
Speaker connected
connection
Listener connected
Speaker disconnected
Listener disconnected
connection
Speaker connected
connection
Listener connected
connection
Listener connected
Speaker disconnected
Listener disconnected
connection
Speaker connected
connection
Listener connected
Listener disconnected
Speaker disconnected
Listener disconnected
connection
Speaker connected
connection
Listener connected
Listener disconnected
Speaker disconnected
connection
Speaker connected
connection
Listener connected
connection
Listener connected
Speaker disconnected
Listener disconnected
Listener disconnected
connection
Speaker connected
connection
Listener connected
Speaker disconnected
Listener disconnected
connection
Speaker connected
connection
Listener connected
Listener disconnected
Speaker disconnected
connection
Speaker connected
connection
Listener connected
Speaker disconnected
Listener disconnected
connection
Speaker connected
connection
Listener connected
Listener disconnected
Speaker disconnected
connection
Speaker connected
connection
Listener connected
Listener disconnected
Speaker disconnected
Listening on port: 8181
Listening on port: 8181
connection
Speaker connected
Speaker disconnected
connection
Speaker connected
connection
Listener connected
connection
Listener connected
Listener disconnected
Listener disconnected
Speaker disconnected
connection
Speaker connected
Speaker disconnected
connection
Speaker connected
Speaker disconnected
connection
Speaker connected
Speaker disconnected
connection
Speaker connected
Speaker disconnected
connection
Speaker connected
connection
Listener connected
Speaker disconnected
Listener disconnected
connection
Speaker connected
connection
Listener connected
connection
Listener connected
Listener disconnected
Speaker disconnected
Listener disconnected
connection
Speaker connected
connection
Listener connected
Listener disconnected
Speaker disconnected
